C51 COMPILER V9.00   LCD12864                                                              05/22/2019 22:12:56 PAGE 1   


C51 COMPILER V9.00, COMPILATION OF MODULE LCD12864
OBJECT MODULE PLACED IN .\lcd12864.obj
COMPILER INVOKED BY: C:\Keil\C51\BIN\C51.EXE ..\code\lcd12864.c LARGE BROWSE DEBUG OBJECTEXTEND PRINT(.\lcd12864.lst) OB
                    -JECT(.\lcd12864.obj)

line level    source

   1          #include "include.h"
   2          
   3          #define DataPort P0        //数据口，P00~P07
   4          
   5          sbit    RS=P3^3; //1发数据，0发命令
   6          sbit    RW=P3^2; //1读数据，0写数据
   7          sbit    EN=P3^5; //使能信号
   8          
   9          
  10          void lcdDelay(unsigned int m)            //延时函数，ms
  11          {
  12   1          while(m--)
  13   1          {
  14   2              _nop_();
  15   2              _nop_();
  16   2              _nop_();
  17   2              _nop_();
  18   2              _nop_();
  19   2              _nop_();
  20   2          }
  21   1      }
  22          
  23          void lcdBuzy()    //工作函数
  24          {
  25   1          DataPort=0xff;
  26   1          RW=1;                  //1读数据
  27   1          RS=0;                  //0发命令
  28   1          EN=1;               //LCD工作
  29   1          while(DataPort&0x80);
  30   1          EN=0;
  31   1      }
  32          
  33          void lcdTransferData(char data1,bit DI)  //传输函数，传送数据或者命令,当DI=1,传送数据,当DI=0,传送命令.
  34          {
  35   1          lcdBuzy();
  36   1          RW=0;
  37   1          RS=DI;
  38   1          DataPort=data1;
  39   1          EN=1;
  40   1          EN=0;
  41   1      
  42   1      }
  43          
  44          
  45          
  46          void lcdDingwei(unsigned char line,unsigned char row)     //定位函数，在哪行哪列显示
  47          {
  48   1          unsigned int i;
  49   1          switch(line)
  50   1          {
  51   2          case 1:  i=0x80+row;break;    //第一行起始地址
  52   2          case 2:  i=0x90+row;break;
  53   2          case 3:  i=0x88+row;break;
  54   2          case 4:  i=0x98+row;break;
C51 COMPILER V9.00   LCD12864                                                              05/22/2019 22:12:56 PAGE 2   

  55   2          default: i=0x80;break;
  56   2      
  57   2          }
  58   1          lcdTransferData(i,0);
  59   1          lcdDelay(1);
  60   1      }
  61          
  62          void lcdMsg(unsigned char  *addr,unsigned char line,unsigned char row)    //显示函数，传送一个字符串
  63          {
  64   1          lcdDingwei(line,row);
  65   1          while(*addr>0)
  66   1          {
  67   2              lcdTransferData(*addr,1);
  68   2              addr++;
  69   2          }
  70   1      
  71   1      
  72   1      }               
  73          
  74          void lcdInitinal(void)           //LCD字库初始化程序
  75          {
  76   1          lcdTransferData(0x30,0);  //8BIT设置,RE=0: basic instruction set
  77   1          lcdTransferData(0x08,0);  //Display on Control
  78   1          lcdTransferData(0x10,0);  //Cursor Display Control光标显示控制
  79   1          lcdTransferData(0x0C,0);  //Display Control,D=1,显示控制
  80   1          lcdTransferData(0x01,0);  //Display Clear  
  81   1      }
  82          
  83          
  84           /*
  85           //向LCD12864中写入数据
  86            void LCD12864_Write_Data(unsigned char dat)
  87                  {
  88                      EN = 0;
  89                      RW = 0;//选择写模式 
  90                      RS = 1;//选择数据模式
  91          
  92                      //延时
  93                      lcdDelay(1);
  94          
  95                      //将数据准备
  96                     // LCD12864_Data = dat;
  97          
  98                      lcdDelay(1);
  99          
 100                      EN = 1;//表示开始写入数据,上升沿写入数据
 101          
 102                      lcdDelay(20); //延时等待数据全部发送完成
 103                  }
 104          
 105          
 106          
 107              //向12864中写入命令
 108             void LCD12864_Write_Com(unsigned char com)
 109                  {
 110                      //首先我们设置片选信号
 111                      EN = 0;//片选信号一般设置为0表示片选
 112                      RW = 0;//选择写模式 
 113                      RS = 0;//选择命令模式
 114          
 115                      //延时
 116                      lcdDelay(1);
C51 COMPILER V9.00   LCD12864                                                              05/22/2019 22:12:56 PAGE 3   

 117          
 118                      //将数据准备
 119                     // LCD12864_Data = com;
 120          
 121                      lcdDelay(1);
 122          
 123                      EN = 1;//表示开始写入数据,上升沿写入数据
 124          
 125                      lcdDelay(20);
 126                  }
 127           */


MODULE INFORMATION:   STATIC OVERLAYABLE
   CODE SIZE        =    203    ----
   CONSTANT SIZE    =   ----    ----
   XDATA SIZE       =   ----       5
   PDATA SIZE       =   ----    ----
   DATA SIZE        =   ----    ----
   IDATA SIZE       =   ----    ----
   BIT SIZE         =   ----       1
END OF MODULE INFORMATION.


C51 COMPILATION COMPLETE.  0 WARNING(S),  0 ERROR(S)
